// Jest Snapshot v1, https://goo.gl/fbAQLP

exports[`TrackComponent render track 1`] = `
<div
  className="main__centerblock"
>
  <div
    className="centerblock__search"
  >
    <svg
      className="search__svg"
    >
      <use
        xlinkHref="/img/icons/sprite.svg#icon-search"
      />
    </svg>
    <input
      className="search__text"
      name="search"
      onChange={[Function]}
      placeholder="Поиск"
      type="search"
    />
  </div>
  <h2
    className="centerblock__h2"
  >
    Треки
  </h2>
  <div
    className="centerblock__filter"
  >
    <div
      className="filter__title"
    >
      Искать по:
    </div>
    <div
      className="filter__block"
    >
      <button
        className="filter__button"
        onClick={[Function]}
      >
        исполнителю
      </button>
    </div>
    <div
      className="filter__block"
    >
      <button
        className="filter__button"
        onClick={[Function]}
      >
        году выпуска
      </button>
    </div>
    <div
      className="filter__block"
    >
      <button
        className="filter__button"
        onClick={[Function]}
      >
        жанру
      </button>
    </div>
  </div>
  <div
    className="centerblock__content"
  >
    <div
      className="content__title"
    >
      <div
        className="playlist_title__col col01"
      >
        Трек
      </div>
      <div
        className="playlist_title__col col02"
      >
        Исполнитель
      </div>
      <div
        className="playlist_title__col col03"
      >
        Альбом
      </div>
      <div
        className="playlist_title__col col04"
      >
        <img
          alt="like"
          data-nimg="1"
          decoding="async"
          height={12}
          loading="lazy"
          onError={[Function]}
          onLoad={[Function]}
          src="/img/icons/watch.svg"
          style={
            {
              "color": "transparent",
            }
          }
          width={14}
        />
      </div>
    </div>
    <div
      className="content__playlist"
    >
      <h2>
        Треки не найдены
      </h2>
    </div>
  </div>
</div>
`;
